// Jest Snapshot v1, https://goo.gl/fbAQLP

exports[`Separator.vue renders 1`] = `
<div
  class="Separator__container"
  role="presentation"
>
  <div
    class="Separator"
  />
</div>
`;
